

0  :
[^\000\t\n -"$&-\-/->A-[\]-_a-}] :    33
                         [\t ] :    32
                          '\n' :    31
                           '!' :    21
                           '"' :    29
                           '$' :    16
                           '&' :    22
                          '\'' :    30
                           '(' :     5
                           ')' :     6
                           '*' :    12
                           '+' :    13
                           ',' :    10
                           '-' :    14
                           '/' :     2
                        [02-9] :    27
                           '1' :    17
                           ':' :     9
                           ';' :    11
                           '<' :    18
                           '=' :    19
                           '>' :    20
   [A-DF-MO-TV-Z_a-df-mo-tv-z] :    28
                          [Ee] :    26
                          [Nn] :    25
                          [Uu] :    24
                           '[' :     7
                           ']' :     8
                           '^' :    15
                           '{' :     3
                           '|' :    23
                           '}' :     4

1  :
[^\000\t\n -"$&-\-/->A-[\]-_a-}] :    33
                         [\t ] :    32
                          '\n' :    31
                           '!' :    21
                           '"' :    29
                           '$' :    16
                           '&' :    22
                          '\'' :    30
                           '(' :     5
                           ')' :     6
                           '*' :    12
                           '+' :    13
                           ',' :    10
                           '-' :    14
                           '/' :     2
                        [02-9] :    27
                           '1' :    17
                           ':' :     9
                           ';' :    11
                           '<' :    18
                           '=' :    19
                           '>' :    20
   [A-DF-MO-TV-Z_a-df-mo-tv-z] :    28
                          [Ee] :    26
                          [Nn] :    25
                          [Uu] :    24
                           '[' :     7
                           ']' :     8
                           '^' :    15
                           '{' :     3
                           '|' :    23
                           '}' :     4

2* :    15    37
                           '*' :    34
                           '/' :    35

3* :     3    37

4* :     4    37

5* :     5    37

6* :     6    37

7* :     7    37

8* :     8    37

9* :     9    37

10* :    10    37

11* :    11    37

12* :    12    37

13* :    13    37
                         [0-9] :    36

14* :    14    37
                         [0-9] :    36

15* :    16    37

16* :    17    37
                         [0-9] :    37

17* :    31    32    37
                           '.' :    39
                         [0-9] :    36
                          [Ee] :    40
                          [Ss] :    38

18* :    19    37
                           '=' :    41
                           '>' :    42

19* :    22    37

20* :    23    37
                           '=' :    43

21* :    25    37

22* :    26    37

23* :    27    37

24* :    28    33    37
                  [0-9A-Z_a-z] :    44

25* :    29    33    37
                  [0-9A-Z_a-z] :    44

26* :    30    33    37
                  [0-9A-Z_a-z] :    44

27* :    31    32    37
                           '.' :    39
                         [0-9] :    36
                          [Ee] :    40

28* :    33    37
                  [0-9A-Z_a-z] :    44

29* :    37
                    [^\000\n"] :    45
                           '"' :    46

30* :    37
                    [^\000\n'] :    47
                          '\'' :    46

31* :    36

32* :    36    37

33* :    37

34* :     1

35  :
                             . :    35
                          '\n' :    48

36* :    31    32
                           '.' :    39
                         [0-9] :    36
                          [Ee] :    40

37* :    35
                         [0-9] :    37

38  :
                          [Ii] :    49

39  :
                         [0-9] :    50

40  :
                         [+\-] :    51
                         [0-9] :    52

41* :    20

42* :    21

43* :    24

44* :    33
                  [0-9A-Z_a-z] :    44

45  :
                    [^\000\n"] :    45
                           '"' :    46

46* :    34

47  :
                    [^\000\n'] :    47
                          '\'' :    46

48* :     2
                          '\c' :    53

49* :    18

50* :    32
                         [0-9] :    50
                          [Ee] :    40

51  :
                         [0-9] :    52

52* :    32
                         [0-9] :    52

53* :     2
